// Jest Snapshot v1, https://goo.gl/fbAQLP

exports[`<SelectValue /> renders select value with icon 1`] = `
<div
  className="Select-value"
  title="Audio"
>
  <div
    className="Select-value-label flex align-center"
  >
    <Icon
      className="font-20 mr-10"
      type="icon-audio-circle"
    />
    <span
      className="select-value-text"
    />
  </div>
</div>
`;
