// Jest Snapshot v1, https://goo.gl/fbAQLP

exports[`<MultiSelect /> renders with empty props 1`] = `
<Field
  component={[Function]}
/>
`;

exports[`<MultiSelect /> renders with props 1`] = `
<Field
  component={[Function]}
  options={
    Array [
      Object {
        "lable": "Mood",
        "value": 1,
      },
    ]
  }
/>
`;
