// Jest Snapshot v1, https://goo.gl/fbAQLP

exports[`<SelectWithIcon /> renders select with icon 1`] = `
<Select
  addLabelText="Add \\"{label}\\"?"
  arrowRenderer={[Function]}
  autosize={true}
  backspaceRemoves={true}
  backspaceToRemoveMessage="Press backspace to remove {label}"
  clearAllText="Clear all"
  clearRenderer={[Function]}
  clearValueText="Clear value"
  clearable={true}
  deleteRemoves={true}
  delimiter=","
  disabled={false}
  escapeClearsValue={true}
  filterOptions={[Function]}
  ignoreAccents={true}
  ignoreCase={true}
  inputProps={Object {}}
  isLoading={false}
  joinValues={false}
  labelKey="label"
  matchPos="any"
  matchProp="any"
  menuBuffer={0}
  menuRenderer={[Function]}
  multi={false}
  name="select-with-icon"
  noResultsText="No results found"
  onBlurResetsInput={true}
  onCloseResetsInput={true}
  optionComponent={[Function]}
  options={
    Array [
      Object {
        "icon": "icon-audio-circle",
        "label": "Audio",
        "value": "Cardable::AudioCard",
      },
      Object {
        "icon": "icon-play-circle",
        "label": "Video",
        "value": "Cardable::VideoCard",
      },
    ]
  }
  pageSize={5}
  placeholder="Select card type"
  required={false}
  scrollMenuIntoView={true}
  searchable={false}
  simpleValue={false}
  tabSelectsValue={true}
  value="Cardable::AudioCard"
  valueComponent={[Function]}
  valueKey="value"
/>
`;
