// Jest Snapshot v1, https://goo.gl/fbAQLP

exports[`<Confirmation /> renders success message 1`] = `
<main>
  <div
    className="jumbotron"
  >
    <h4>
       
      <FormattedMessage
        id="email_confirmation.success"
        values={Object {}}
      />
       
    </h4>
    <Link
      replace={false}
      to="/sign_in"
    >
      <p>
        <FormattedMessage
          id="email_confirmation.login"
          values={Object {}}
        />
      </p>
    </Link>
  </div>
</main>
`;
