// Jest Snapshot v1, https://goo.gl/fbAQLP

exports[`<CheckboxGroup /> renders with empty props 1`] = `
<Field
  component={[Function]}
  type="checkbox"
/>
`;

exports[`<CheckboxGroup /> renders with props 1`] = `
<Field
  align="vertical"
  className="type-checkbox"
  component={[Function]}
  name="secondary_careers"
  options={
    Array [
      Object {
        "lable": "Power",
        "value": 1,
      },
      Object {
        "lable": "Dark",
        "value": 2,
      },
    ]
  }
  type="checkbox"
  web="web"
/>
`;
